
> odis-demo@1.0.0 test
> vitest run


[1m[7m[36m RUN [39m[27m[22m [36mv2.1.9 [39m[90mC:/Dev/indecisive[39m

 [32m✓[39m src/App.routes.test.tsx [2m([22m[2m4 tests[22m[2m)[22m[90m 284[2mms[22m[39m
 [32m✓[39m src/App.flows.test.tsx [2m([22m[2m2 tests[22m[2m)[22m[33m 8041[2mms[22m[39m
   [33m[2m✓[22m[39m ODIS demo flows[2m > [22msupports the full staff submission to escalation flow [33m6823[2mms[22m[39m
   [33m[2m✓[22m[39m ODIS demo flows[2m > [22msupports the superior merge to unified strategy flow [33m1217[2mms[22m[39m

[2m Test Files [22m [1m[32m2 passed[39m[22m[90m (2)[39m
[2m      Tests [22m [1m[32m6 passed[39m[22m[90m (6)[39m
[2m   Start at [22m 22:09:34
[2m   Duration [22m 10.68s[2m (transform 500ms, setup 223ms, collect 2.89s, tests 8.32s, environment 1.31s, prepare 271ms)[22m

